This is pdfTeX, Version 3.14159265-2.6-1.40.20 (TeX Live 2019) (preloaded format=pdflatex 2019.5.8)  16 JUN 2026 13:31
entering extended mode
 restricted \write18 enabled.
 file:line:error style messages enabled.
 %&-line parsing enabled.
**main_tornq_regs.tex
(./main_tornq_regs.tex
LaTeX2e <2018-12-01>

./main_tornq_regs.tex:1: LaTeX Error: Environment table undefined.

See the LaTeX manual or LaTeX Companion for explanation.
Type  H <return>  for immediate help.
 ...                                              
                                                  
l.1 \begin{table}
                 [htbp]\centering
? 
./main_tornq_regs.tex:1: Emergency stop.
 ...                                              
                                                  
l.1 \begin{table}
                 [htbp]\centering
Your command was ignored.
Type  I <command> <return>  to replace it with another command,
or  <return>  to continue without it.

 
Here is how much of TeX's memory you used:
 6 strings out of 492616
 295 string characters out of 6129482
 57188 words of memory out of 5000000
 4025 multiletter control sequences out of 15000+600000
 3640 words of font info for 14 fonts, out of 8000000 for 9000
 1141 hyphenation exceptions out of 8191
 5i,0n,4p,57b,16s stack positions out of 5000i,500n,10000p,200000b,80000s
./main_tornq_regs.tex:1:  ==> Fatal error occurred, no output PDF file produced
!
